// Jest Snapshot v1, https://goo.gl/fbAQLP

exports[`<Home /> should match snapshot 1`] = `
<e
  nav={
    Array [
      Object {
        "id": "home",
        "label": "Home",
        "path": "/",
      },
      Object {
        "id": "sign-in",
        "label": "Sign-In",
        "path": "/sign-in",
      },
      Object {
        "id": "dashboard",
        "label": "Dashboard",
        "path": "/dashboard",
      },
    ]
  }
  reactRouter={true}
>
  <section
    className="home"
  >
    <div
      className="logo-section"
    >
      <div
        className="home__menu"
        onClick={[MockFunction]}
      >
        <img
          className="home__menu--icon"
          src=""
        />
      </div>
    </div>
  </section>
</e>
`;
