// Jest Snapshot v1, https://goo.gl/fbAQLP

exports[`<Home /> should match snapshot 1`] = `
<section
  className="home"
>
  <div
    className="logo-section"
  >
    <h1
      className="home__heading"
    >
      Some Catchy Title Here
    </h1>
    <NavLink
      activeClassName="active"
      aria-current="page"
      to="/dashboard"
    >
      Dashboard
    </NavLink>
  </div>
  <Connect(SignIn) />
</section>
`;
