// Jest Snapshot v1, https://goo.gl/fbAQLP

exports[`<JobDetail /> should match snapshot 1`] = `
<section
  className="job-detail"
>
  <header
    className="job-detail__header"
  >
    <div
      className="header__logo"
    >
      <h1
        className="logo__forward"
      >
        F
      </h1>
      <h1
        className="logo__backward"
      >
        F
      </h1>
    </div>
  </header>
  <section
    className="job-detail-container"
  >
    <div
      className="job-detail--buttons"
    >
      <Link
        replace={false}
        to="/dashboard"
      >
        ← Back to Job Listings
      </Link>
      <div />
      <a
        rel="noopener noreferrer"
        target="_blank"
      >
        Apply Here →
      </a>
    </div>
    <h1
      className="job-detail__tile"
    />
    <div
      className="job-detail__save-job"
    >
      <button
        className="job-detail__save-job--button
              
              "
        disabled={false}
        onClick={[Function]}
      >
        Mark Applied
      </button>
    </div>
    <p
      className="job-detail__copy"
      dangerouslySetInnerHTML={
        Object {
          "__html": undefined,
        }
      }
    />
  </section>
</section>
`;
