// Jest Snapshot v1, https://goo.gl/fbAQLP

exports[`<JobsContainer /> should match snapshot 1`] = `
<e
  closeMenu={[Function]}
  nav={
    Array [
      Object {
        "label": <div
          className="logo menu-logo"
        >
          <h1
            className="logo__forward"
          >
            F
          </h1>
          <h1
            className="logo__backward"
          >
            F
          </h1>
        </div>,
        "path": "/",
      },
      Object {
        "id": "sign-in",
        "label": "Sign-In",
        "path": "/sign-in",
      },
      Object {
        "id": "dashboard",
        "label": "Dashboard",
        "path": "/dashboard",
      },
      Object {
        "id": "saved-jobs",
        "label": "Saved Jobs",
        "path": "/saved-jobs",
      },
    ]
  }
  navClassName="slide-menu"
  reactRouter={true}
>
  <div
    className="grid-container"
  >
    <Connect(Header) />
    <main
      className="content"
    >
      <section
        className="cards-container"
      >
        <h1
          className="jobs-container__header"
        >
          My Jobs
        </h1>
        <SavedJobs
          jobs={Array []}
        />
      </section>
    </main>
    <Connect(Footer) />
  </div>
</e>
`;
