// Jest Snapshot v1, https://goo.gl/fbAQLP

exports[`<Footer /> should match snapshot 1`] = `
<footer
  className="footer"
>
  <ul
    className="footer__nav"
  >
    <li
      className="footer__nav--item active"
    >
      <a
        href=""
      >
        navigation
      </a>
    </li>
    <li
      className="footer__nav--item"
    >
      <a
        href=""
      >
        navigation
      </a>
    </li>
    <li
      className="footer__nav--item"
    >
      <a
        href=""
      >
        navigation
      </a>
    </li>
    <li
      className="footer__nav--item"
    >
      <a
        href=""
      >
        navigation
      </a>
    </li>
  </ul>
</footer>
`;
