// Jest Snapshot v1, https://goo.gl/fbAQLP

exports[`<Card /> should match snapshot 1`] = `
<div
  className="card"
>
  <header
    className="card__header"
  >
    <img
      className="card__image"
    />
    <p
      className="card__type"
    />
  </header>
  <h2
    className="card__title"
  />
  <p
    className="card__location"
  />
</div>
`;
