// Jest Snapshot v1, https://goo.gl/fbAQLP

exports[`<CardContainer /> should match snapshot 1`] = `
<section
  className="cards-section"
>
  <Link
    key="1"
    replace={false}
    to="/job/1"
  >
    <Card
      id={1}
      key="1"
      location="remote"
      title="A dope dev job"
    />
  </Link>
  <Link
    key="2"
    replace={false}
    to="/job/2"
  >
    <Card
      id={2}
      key="2"
      location="remote"
      title="Another dope dev job"
    />
  </Link>
</section>
`;
