// Jest Snapshot v1, https://goo.gl/fbAQLP

exports[`<SignUp /> should match snapshot 1`] = `
<section>
  <form
    action=""
  >
    <input
      name="firstName"
      onChange={[Function]}
      type="text"
      value=""
    />
    <input
      name="email"
      onChange={[Function]}
      type="text"
      value=""
    />
    <input
      name="password"
      onChange={[Function]}
      type="password"
      value=""
    />
  </form>
</section>
`;
