// Jest Snapshot v1, https://goo.gl/fbAQLP

exports[`<Header /> should match snapshot 1`] = `
<div
  className="header"
>
  <div
    className="user-info"
  >
    <h2
      className="user-info__heading"
    >
      Joben
    </h2>
    <img
      alt="Joben"
      className="user-info__image"
      src="some-url-here"
    />
  </div>
</div>
`;
