// Jest Snapshot v1, https://goo.gl/fbAQLP

exports[`<Header /> should match snapshot 1`] = `
<section
  className="header"
>
  <div
    className="header-toggle wrapper-menu"
  >
    <div
      className="line-menu half start"
    />
    <div
      className="line-menu"
    />
    <div
      className="line-menu half end"
    />
  </div>
  <div
    className="header__logo"
  >
    <h1
      className="logo__forward"
    >
      F
    </h1>
    <h1
      className="logo__backward"
    >
      F
    </h1>
  </div>
  <div
    className="user-info"
  >
    <h2
      className="user-info__heading"
    >
      Joben
    </h2>
    <img
      alt="Joben"
      className="user-info__image"
      src="some-url-here"
    />
  </div>
</section>
`;
