// Jest Snapshot v1, https://goo.gl/fbAQLP

exports[`<Dashboard /> should match snapshot 1`] = `
<div
  className="grid-container"
>
  <Header />
  <main
    className="content"
  >
    <h2>
      Main
    </h2>
    <section
      className="cards-container"
    >
      <Search />
      <section
        className="cards-section"
      >
        <Card />
        <Card />
        <Card />
        <Card />
        <Card />
        <Card />
        <Card />
        <Card />
        <Card />
        <Card />
        <Card />
      </section>
    </section>
  </main>
  <Footer />
</div>
`;
