// Jest Snapshot v1, https://goo.gl/fbAQLP

exports[`<Dashboard /> should match snapshot 1`] = `
<div
  className="grid-container"
>
  <Connect(Header) />
  <main
    className="content"
  >
    <section
      className="cards-container"
    >
      <div
        className="search"
      >
        <input
          className="search__input"
          name="query"
          onChange={[Function]}
          placeholder="Search Jobs"
          type="text"
          value=""
        />
      </div>
      <Route
        component={[Function]}
      />
    </section>
  </main>
  <Footer />
</div>
`;
