// Jest Snapshot v1, https://goo.gl/fbAQLP

exports[`<SignIn /> should match snapshot 1`] = `
<section>
  <button
    className="google"
    onClick={[Function]}
  >
    Google
  </button>
  <button
    className="github"
    onClick={[Function]}
  >
    GitHub
  </button>
  <button
    className="twitter"
    onClick={[Function]}
  >
    Twitter
  </button>
  <button
    className="facebook"
    onClick={[Function]}
  >
    Facebook
  </button>
  <button
    className="sign-out"
    onClick={[Function]}
  >
    Sign Out
  </button>
</section>
`;
